◆  Checking composition
[INFO] [Compiler] Fetched 4 font face(s) for "IBM Plex Sans" from Google Fonts (cached to /home/parshu/.cache/hyperframes/fonts/ibm-plex-sans)
[INFO] [Compiler] Fetched 11 font face(s) for "Roboto" from Google Fonts (cached to /home/parshu/.cache/hyperframes/fonts/roboto)
[INFO] [Compiler] Fetched 11 font face(s) for "Roboto" from Google Fonts (cached to /home/parshu/.cache/hyperframes/fonts/roboto)
[INFO] [Compiler] Fetched 9 font face(s) for "IBM Plex Mono" from Google Fonts (cached to /home/parshu/.cache/hyperframes/fonts/ibm-plex-mono)
[INFO] [Compiler] Fetched 10 font face(s) for "JetBrains Mono" from Google Fonts (cached to /home/parshu/.cache/hyperframes/fonts/jetbrains-mono)
[INFO] [Compiler] Fetched 10 font face(s) for "JetBrains Mono" from Google Fonts (cached to /home/parshu/.cache/hyperframes/fonts/jetbrains-mono)
[INFO] [Compiler] Fetched 2 font face(s) for "Source Serif 4" from Google Fonts (cached to /home/parshu/.cache/hyperframes/fonts/source-serif-4)
[INFO] [Compiler] Fetched 7 font face(s) for "EB Garamond" from Google Fonts (cached to /home/parshu/.cache/hyperframes/fonts/eb-garamond)
[INFO] [Compiler] Fetched 3 font face(s) for "Noto Sans Telugu" from Google Fonts (cached to /home/parshu/.cache/hyperframes/fonts/noto-sans-telugu)
[INFO] [Compiler] Injected deterministic @font-face rules for 9 requested font families
[hyperframes] media proxy pre-resolve: 1/1 ready, 0 failed (1ms)
[hyperframes] browserGpuMode probe → hardware (WebGL renderer vendor="Google Inc. (Intel)" renderer="ANGLE (Intel, Mesa Intel(R) Arc(tm) Graphics (MTL), OpenGL ES 3.2)")

Lint
  ⚠ composition_file_too_large: This HTML composition file has 472 lines. Smaller sub-compositions are easier to read, iterate on, and diff.
    /home/parshu/projects/cis/jadal-w-video-revise/showcase/brag-output-v3/composition/index.html [data-composition-id] t=0s
    Fix: Split coherent scenes or layers into separate .html files under compositions/, then mount them from the parent with data-composition-src so each file stays small enough to inspect, revise, and validate independently.
  0 error(s), 1 warning(s), 0 info(s)

Runtime
  ◇ 0 errors, 0 warnings

Layout
  ℹ t=3s container_overflow #hero-img inside #hero-img-box overflowed left 7.28px, right 7.28px, top 7.4px — Element extends outside a clipping layout container.
        Fix: Resize/reposition the child or container, or mark intentional overflow with data-layout-allow-overflow.
  ℹ t=9s container_overflow #canal-video inside #video-card overflowed left 7.31px, right 7.31px, top 2.66px, bottom 2.66px — Element extends outside a clipping layout container.
        Fix: Resize/reposition the child or container, or mark intentional overflow with data-layout-allow-overflow.
  ℹ t=15s container_overflow #canal-video inside #video-card overflowed left 7.54px, right 7.54px, top 2.74px, bottom 2.74px — Element extends outside a clipping layout container.
        Fix: Resize/reposition the child or container, or mark intentional overflow with data-layout-allow-overflow.
  ℹ t=33s container_overflow #coord-img inside #coord-frame overflowed left 15.65px, right 15.65px, top 18.52px — Element extends outside a clipping layout container.
        Fix: Resize/reposition the child or container, or mark intentional overflow with data-layout-allow-overflow.
  ℹ t=45s container_overflow #phone-img inside #phone-frame overflowed left 14.39px, right 14.39px, top 17.83px — Element extends outside a clipping layout container.
        Fix: Resize/reposition the child or container, or mark intentional overflow with data-layout-allow-overflow.
  0 error(s), 0 warning(s), 5 info(s)

Motion
  ◇ 0 errors, 0 warnings

Contrast
  ◇ 62/62 text checks pass WCAG AA

Snapshots
  ◇ disabled

◇  Check passed
