
◆  Rendering composition → /home/parshu/projects/cis/jadal-w-video-revise/showcase/brag-output-v3/brag.mp4
   30fps · standard · 1 workers
   GPU: browser GPU (auto-detect)

[?25l│
◒  Checking browser[1G[J◇  Browser: cache
[?25h
  Lint: 0 error(s), 1 warning(s) — run with --lint-verbose for full output.
  Continuing render despite lint issues. Use --strict to block errors.

[INFO] [Render] Pipeline started {"renderJobId":"28a32919-eefe-4907-ba33-4abc40a6c5e2","platform":"linux","arch":"x64","nodeVersion":"v24.18.0","fps":{"num":30,"den":1},"format":"mp4","quality":"standard","browserGpuMode":"auto","forceScreenshot":false,"protocolTimeout":300000,"browserTimeout":120000,"pageNavigationTimeout":60000,"playerReadyTimeout":45000}
[INFO] [Render:trace] {"renderJobId":"28a32919-eefe-4907-ba33-4abc40a6c5e2","phase":"pipeline","status":"checkpoint","elapsedMs":2,"message":"started","format":"mp4","quality":"standard","browserGpuMode":"auto","forceScreenshot":false,"protocolTimeoutMs":300000,"pageNavigationTimeoutMs":60000,"playerReadyTimeoutMs":45000,"requestedWorkers":1}
[INFO] [Render:trace] {"renderJobId":"28a32919-eefe-4907-ba33-4abc40a6c5e2","phase":"compile","status":"start","elapsedMs":3,"needsAlpha":false}
  █░░░░░░░░░░░░░░░░░░░░░░░░  5%  Compiling composition
[INFO] [Compiler] Fetched 4 font face(s) for "IBM Plex Sans" from Google Fonts (cached to /home/parshu/.cache/hyperframes/fonts/ibm-plex-sans)
[INFO] [Compiler] Fetched 11 font face(s) for "Roboto" from Google Fonts (cached to /home/parshu/.cache/hyperframes/fonts/roboto)
[INFO] [Compiler] Fetched 11 font face(s) for "Roboto" from Google Fonts (cached to /home/parshu/.cache/hyperframes/fonts/roboto)
[INFO] [Compiler] Fetched 9 font face(s) for "IBM Plex Mono" from Google Fonts (cached to /home/parshu/.cache/hyperframes/fonts/ibm-plex-mono)
[INFO] [Compiler] Fetched 10 font face(s) for "JetBrains Mono" from Google Fonts (cached to /home/parshu/.cache/hyperframes/fonts/jetbrains-mono)
[INFO] [Compiler] Fetched 10 font face(s) for "JetBrains Mono" from Google Fonts (cached to /home/parshu/.cache/hyperframes/fonts/jetbrains-mono)
[INFO] [Compiler] Fetched 2 font face(s) for "Source Serif 4" from Google Fonts (cached to /home/parshu/.cache/hyperframes/fonts/source-serif-4)
[INFO] [Compiler] Fetched 7 font face(s) for "EB Garamond" from Google Fonts (cached to /home/parshu/.cache/hyperframes/fonts/eb-garamond)
[INFO] [Compiler] Fetched 3 font face(s) for "Noto Sans Telugu" from Google Fonts (cached to /home/parshu/.cache/hyperframes/fonts/noto-sans-telugu)
[INFO] [Compiler] Injected deterministic @font-face rules for 9 requested font families
[INFO] [Compiler] Inlined CDN script: https://cdn.jsdelivr.net/npm/gsap@3.14.2/dist/gsap.min.js
[INFO] Compiled composition metadata {"renderJobId":"28a32919-eefe-4907-ba33-4abc40a6c5e2","entryFile":"index.html","staticDuration":0,"width":1920,"height":1080,"videoCount":1,"audioCount":9,"renderModeHints":{"recommendScreenshot":false,"reasons":[]}}
[INFO] [Render:trace] {"renderJobId":"28a32919-eefe-4907-ba33-4abc40a6c5e2","phase":"compile","status":"end","elapsedMs":1047,"durationMs":1044,"needsAlpha":false}
[INFO] [Render:trace] {"renderJobId":"28a32919-eefe-4907-ba33-4abc40a6c5e2","phase":"compile","status":"checkpoint","elapsedMs":1050,"message":"composition metadata resolved","width":1920,"height":1080,"videoCount":1,"audioCount":9,"imageCount":3,"deviceScaleFactor":1,"forceScreenshot":false,"compositionHash":"9d2c42a108ed7452"}
[INFO] [Render] Low-memory render profile active — screenshot capture, auto-worker calibration skipped. Override with --no-low-memory-mode or PRODUCER_LOW_MEMORY_MODE=false. {"renderJobId":"28a32919-eefe-4907-ba33-4abc40a6c5e2","totalMemMb":15493,"thresholdMb":8192}
[INFO] [Render:trace] {"renderJobId":"28a32919-eefe-4907-ba33-4abc40a6c5e2","phase":"browser_probe","status":"start","elapsedMs":1050,"forceScreenshot":true,"stagePhase":"calibrating"}
[INFO] Launching browser for composition probe... {"renderJobId":"28a32919-eefe-4907-ba33-4abc40a6c5e2","reasons":["root duration unknown","scripted audio volume"]}
[INFO] Creating capture session... {"renderJobId":"28a32919-eefe-4907-ba33-4abc40a6c5e2","attempt":1,"maxAttempts":2}
[hyperframes] browserGpuMode probe → hardware (WebGL renderer vendor="Google Inc. (Intel)" renderer="ANGLE (Intel, Mesa Intel(R) Arc(tm) Graphics (MTL), OpenGL ES 3.2)")
[BrowserManager] Browser launched (HeadlessChrome/152.0.7977.30, screenshot, gl=--use-gl=angle --use-angle=gl-egl, headlessShell=true, platform=linux)
[INFO] Waiting for composition to initialize... {"renderJobId":"28a32919-eefe-4907-ba33-4abc40a6c5e2","attempt":1}
[initSession:screenshot] page.goto start (0ms)
[HyperFrames] render runtime fps {"canonicalFps":30,"source":"render-options","rawFpsSource":"render-options","rawFps":30}
[initSession:screenshot] page.goto complete (700ms)
[initSession:screenshot] GSAP proxy flush complete (704ms)
[initSession:screenshot] pollHfReady complete (807ms)
[initSession:screenshot] pollSubCompositionTimelines complete (ready) (809ms)
[initSession:screenshot] applyVideoMetadataHints complete (809ms)
[initSession:screenshot] media + fonts + tailwind ready (833ms)
[initSession:screenshot] static-frame dedup: disabled (video) (840ms)
[INFO] Composition ready {"renderJobId":"28a32919-eefe-4907-ba33-4abc40a6c5e2","attempt":1,"initMs":1389}
[INFO] Discovering composition duration... {"renderJobId":"28a32919-eefe-4907-ba33-4abc40a6c5e2"}
[INFO] Probed composition duration from browser {"renderJobId":"28a32919-eefe-4907-ba33-4abc40a6c5e2","discoveredDuration":54,"staticDuration":0}
[INFO] Discovering media assets from browser DOM... {"renderJobId":"28a32919-eefe-4907-ba33-4abc40a6c5e2"}
[INFO] Discovering audio volume automation... {"renderJobId":"28a32919-eefe-4907-ba33-4abc40a6c5e2","audioCount":9}
[INFO] Discovering video visibility windows... {"renderJobId":"28a32919-eefe-4907-ba33-4abc40a6c5e2","videoCount":1}
[INFO] [Render:trace] {"renderJobId":"28a32919-eefe-4907-ba33-4abc40a6c5e2","phase":"browser_probe","status":"end","elapsedMs":2647,"durationMs":1597,"forceScreenshot":true,"stagePhase":"calibrating"}
[INFO] [Render:trace] {"renderJobId":"28a32919-eefe-4907-ba33-4abc40a6c5e2","phase":"browser_probe","status":"checkpoint","elapsedMs":2650,"message":"duration resolved","durationSeconds":54,"totalFrames":1620,"compositionHash":"9d2c42a108ed7452","beginFrameStalled":false}
[INFO] [Render:trace] {"renderJobId":"28a32919-eefe-4907-ba33-4abc40a6c5e2","phase":"video_extract","status":"start","elapsedMs":2650,"videoCount":1}
[INFO] Probing video color spaces... {"renderJobId":"28a32919-eefe-4907-ba33-4abc40a6c5e2","videoCount":1}
  ██░░░░░░░░░░░░░░░░░░░░░░░  10%  Extracting video frames
[INFO] Extracting frames from video 1/1 {"renderJobId":"28a32919-eefe-4907-ba33-4abc40a6c5e2","sourceType":"local"}
[INFO] [Render:trace] {"renderJobId":"28a32919-eefe-4907-ba33-4abc40a6c5e2","phase":"video_extract","status":"end","elapsedMs":2655,"durationMs":5,"videoCount":1}
[INFO] [Render:trace] {"renderJobId":"28a32919-eefe-4907-ba33-4abc40a6c5e2","phase":"video_extract","status":"checkpoint","elapsedMs":2660,"message":"frames resolved","videoCount":1,"extractedVideoCount":1,"totalFramesExtracted":287,"maxFramesPerVideo":287,"avgFramesPerExtractedVideo":287,"vfrPreflightCount":0,"vfrPreflightMs":0,"cacheHits":1,"cacheMisses":0,"transientRetries":0,"minVideoFrameCoverageRatio":1,"authoredTimedClipCount":10}
[INFO] [Render] No HDR sources detected — rendering SDR {"renderJobId":"28a32919-eefe-4907-ba33-4abc40a6c5e2"}
[INFO] [Render:trace] {"renderJobId":"28a32919-eefe-4907-ba33-4abc40a6c5e2","phase":"hdr_detection","status":"checkpoint","elapsedMs":2661,"message":"resolved","requestedHdrMode":"auto","effectiveHdr":"sdr","nativeHdrVideoCount":0,"nativeHdrImageCount":0}
[INFO] [Render:trace] {"renderJobId":"28a32919-eefe-4907-ba33-4abc40a6c5e2","phase":"audio_process","status":"start","elapsedMs":2661,"audioCount":9}
  █████░░░░░░░░░░░░░░░░░░░░  20%  Processing audio tracks
[INFO] [Render:trace] {"renderJobId":"28a32919-eefe-4907-ba33-4abc40a6c5e2","phase":"audio_process","status":"end","elapsedMs":4336,"durationMs":1675,"audioCount":9}
[INFO] [Render:trace] {"renderJobId":"28a32919-eefe-4907-ba33-4abc40a6c5e2","phase":"file_server","status":"checkpoint","elapsedMs":4336,"message":"reused probe file server"}
  ██████░░░░░░░░░░░░░░░░░░░  25%  Starting frame capture
  ██████░░░░░░░░░░░░░░░░░░░  25%  Checking browser GPU
[INFO] [Render:trace] {"renderJobId":"28a32919-eefe-4907-ba33-4abc40a6c5e2","phase":"capture_calibration","status":"checkpoint","elapsedMs":4344,"message":"skipped","requestedWorkers":1,"totalFrames":1620,"htmlInCanvasDetected":false,"lowMemoryMode":true,"deInversionEligible":false,"deParallelRouterEligible":false}
[INFO] [Render:trace] {"renderJobId":"28a32919-eefe-4907-ba33-4abc40a6c5e2","phase":"worker_resolution","status":"checkpoint","elapsedMs":4345,"message":"resolved","workerCount":1}
[INFO] streaming-encode gate {"renderJobId":"28a32919-eefe-4907-ba33-4abc40a6c5e2","enabled":true,"reason":"single_worker","configFlag":true,"durationCapEnabled":false,"outputFormat":"mp4","workerCount":1,"durationSeconds":54,"maxDurationSeconds":240}
[INFO] [Render:trace] {"renderJobId":"28a32919-eefe-4907-ba33-4abc40a6c5e2","phase":"capture_strategy","status":"checkpoint","elapsedMs":4346,"message":"resolved","workerCount":1,"forceScreenshot":true,"captureBeyondViewport":true,"useStreamingEncode":true,"useLayeredComposite":false,"usePageSideCompositing":false,"hasHdrContent":false,"hasShaderTransitions":false,"isPngSequence":false}
[INFO] [Render:trace] {"renderJobId":"28a32919-eefe-4907-ba33-4abc40a6c5e2","phase":"capture_streaming","status":"start","elapsedMs":4346,"stagePhase":"capturing","workerCount":1,"forceScreenshot":true,"totalFrames":1620,"framesCompleted":0,"captureMode":"screenshot","captureOperation":"captureScreenshot"}
  ██████░░░░░░░░░░░░░░░░░░░  25%  Streaming frame 1/1620
  ██████░░░░░░░░░░░░░░░░░░░  25%  Streaming frame 5/1620
  ██████░░░░░░░░░░░░░░░░░░░  25%  Streaming frame 11/1620
  ██████░░░░░░░░░░░░░░░░░░░  26%  Streaming frame 16/1620
  ██████░░░░░░░░░░░░░░░░░░░  26%  Streaming frame 22/1620
  ██████░░░░░░░░░░░░░░░░░░░  26%  Streaming frame 27/1620
  ██████░░░░░░░░░░░░░░░░░░░  26%  Streaming frame 32/1620
  ██████░░░░░░░░░░░░░░░░░░░  26%  Streaming frame 38/1620
  ██████░░░░░░░░░░░░░░░░░░░  26%  Streaming frame 39/1620
  ██████░░░░░░░░░░░░░░░░░░░  26%  Streaming frame 44/1620
  ██████░░░░░░░░░░░░░░░░░░░  27%  Streaming frame 49/1620
  ██████░░░░░░░░░░░░░░░░░░░  27%  Streaming frame 54/1620
  ██████░░░░░░░░░░░░░░░░░░░  27%  Streaming frame 59/1620
  ██████░░░░░░░░░░░░░░░░░░░  27%  Streaming frame 64/1620
  ██████░░░░░░░░░░░░░░░░░░░  27%  Streaming frame 70/1620
  ███████░░░░░░░░░░░░░░░░░░  28%  Streaming frame 75/1620
  ███████░░░░░░░░░░░░░░░░░░  28%  Streaming frame 81/1620
  ███████░░░░░░░░░░░░░░░░░░  28%  Streaming frame 87/1620
  ███████░░░░░░░░░░░░░░░░░░  28%  Streaming frame 92/1620
  ███████░░░░░░░░░░░░░░░░░░  28%  Streaming frame 98/1620
  ███████░░░░░░░░░░░░░░░░░░  29%  Streaming frame 104/1620
  ███████░░░░░░░░░░░░░░░░░░  29%  Streaming frame 109/1620
  ███████░░░░░░░░░░░░░░░░░░  29%  Streaming frame 115/1620
  ███████░░░░░░░░░░░░░░░░░░  29%  Streaming frame 120/1620
  ███████░░░░░░░░░░░░░░░░░░  29%  Streaming frame 125/1620
  ███████░░░░░░░░░░░░░░░░░░  29%  Streaming frame 131/1620
  ███████░░░░░░░░░░░░░░░░░░  30%  Streaming frame 137/1620
  ███████░░░░░░░░░░░░░░░░░░  30%  Streaming frame 142/1620
  ███████░░░░░░░░░░░░░░░░░░  30%  Streaming frame 148/1620
  ███████░░░░░░░░░░░░░░░░░░  30%  Streaming frame 154/1620
  ███████░░░░░░░░░░░░░░░░░░  30%  Streaming frame 159/1620
  ███████░░░░░░░░░░░░░░░░░░  31%  Streaming frame 164/1620
  ███████░░░░░░░░░░░░░░░░░░  31%  Streaming frame 170/1620
  ███████░░░░░░░░░░░░░░░░░░  31%  Streaming frame 176/1620
  ███████░░░░░░░░░░░░░░░░░░  31%  Streaming frame 181/1620
  ███████░░░░░░░░░░░░░░░░░░  31%  Streaming frame 186/1620
  ███████░░░░░░░░░░░░░░░░░░  31%  Streaming frame 191/1620
  ████████░░░░░░░░░░░░░░░░░  32%  Streaming frame 196/1620
  ████████░░░░░░░░░░░░░░░░░  32%  Streaming frame 202/1620
  ████████░░░░░░░░░░░░░░░░░  32%  Streaming frame 207/1620
  ████████░░░░░░░░░░░░░░░░░  32%  Streaming frame 213/1620
  ████████░░░░░░░░░░░░░░░░░  32%  Streaming frame 218/1620
  ████████░░░░░░░░░░░░░░░░░  33%  Streaming frame 223/1620
  ████████░░░░░░░░░░░░░░░░░  33%  Streaming frame 229/1620
  ████████░░░░░░░░░░░░░░░░░  33%  Streaming frame 234/1620
  ████████░░░░░░░░░░░░░░░░░  33%  Streaming frame 239/1620
  ████████░░░░░░░░░░░░░░░░░  33%  Streaming frame 243/1620
  ████████░░░░░░░░░░░░░░░░░  33%  Streaming frame 247/1620
  ████████░░░░░░░░░░░░░░░░░  34%  Streaming frame 251/1620
  ████████░░░░░░░░░░░░░░░░░  34%  Streaming frame 254/1620
  ████████░░░░░░░░░░░░░░░░░  34%  Streaming frame 257/1620
  ████████░░░░░░░░░░░░░░░░░  34%  Streaming frame 260/1620
  ████████░░░░░░░░░░░░░░░░░  34%  Streaming frame 263/1620
  ████████░░░░░░░░░░░░░░░░░  34%  Streaming frame 266/1620
  ████████░░░░░░░░░░░░░░░░░  34%  Streaming frame 269/1620
  ████████░░░░░░░░░░░░░░░░░  34%  Streaming frame 272/1620
  ████████░░░░░░░░░░░░░░░░░  34%  Streaming frame 275/1620
  ████████░░░░░░░░░░░░░░░░░  34%  Streaming frame 278/1620
  ████████░░░░░░░░░░░░░░░░░  35%  Streaming frame 281/1620
  ████████░░░░░░░░░░░░░░░░░  35%  Streaming frame 284/1620
  ████████░░░░░░░░░░░░░░░░░  35%  Streaming frame 287/1620
  ████████░░░░░░░░░░░░░░░░░  35%  Streaming frame 290/1620
  ████████░░░░░░░░░░░░░░░░░  35%  Streaming frame 293/1620
  ████████░░░░░░░░░░░░░░░░░  35%  Streaming frame 296/1620
  ████████░░░░░░░░░░░░░░░░░  35%  Streaming frame 299/1620
  ████████░░░░░░░░░░░░░░░░░  35%  Streaming frame 302/1620
  ████████░░░░░░░░░░░░░░░░░  35%  Streaming frame 305/1620
  ████████░░░░░░░░░░░░░░░░░  35%  Streaming frame 308/1620
  █████████░░░░░░░░░░░░░░░░  36%  Streaming frame 311/1620
  █████████░░░░░░░░░░░░░░░░  36%  Streaming frame 314/1620
  █████████░░░░░░░░░░░░░░░░  36%  Streaming frame 317/1620
  █████████░░░░░░░░░░░░░░░░  36%  Streaming frame 320/1620
  █████████░░░░░░░░░░░░░░░░  36%  Streaming frame 323/1620
  █████████░░░░░░░░░░░░░░░░  36%  Streaming frame 326/1620
  █████████░░░░░░░░░░░░░░░░  36%  Streaming frame 329/1620
  █████████░░░░░░░░░░░░░░░░  36%  Streaming frame 332/1620
  █████████░░░░░░░░░░░░░░░░  36%  Streaming frame 335/1620
  █████████░░░░░░░░░░░░░░░░  36%  Streaming frame 338/1620
  █████████░░░░░░░░░░░░░░░░  37%  Streaming frame 341/1620
  █████████░░░░░░░░░░░░░░░░  37%  Streaming frame 344/1620
  █████████░░░░░░░░░░░░░░░░  37%  Streaming frame 347/1620
  █████████░░░░░░░░░░░░░░░░  37%  Streaming frame 350/1620
  █████████░░░░░░░░░░░░░░░░  37%  Streaming frame 353/1620
  █████████░░░░░░░░░░░░░░░░  37%  Streaming frame 356/1620
  █████████░░░░░░░░░░░░░░░░  37%  Streaming frame 359/1620
  █████████░░░░░░░░░░░░░░░░  37%  Streaming frame 362/1620
  █████████░░░░░░░░░░░░░░░░  37%  Streaming frame 365/1620
  █████████░░░░░░░░░░░░░░░░  37%  Streaming frame 368/1620
  █████████░░░░░░░░░░░░░░░░  38%  Streaming frame 371/1620
  █████████░░░░░░░░░░░░░░░░  38%  Streaming frame 374/1620
  █████████░░░░░░░░░░░░░░░░  38%  Streaming frame 377/1620
  █████████░░░░░░░░░░░░░░░░  38%  Streaming frame 380/1620
  █████████░░░░░░░░░░░░░░░░  38%  Streaming frame 383/1620
  █████████░░░░░░░░░░░░░░░░  38%  Streaming frame 386/1620
  █████████░░░░░░░░░░░░░░░░  38%  Streaming frame 389/1620
  █████████░░░░░░░░░░░░░░░░  38%  Streaming frame 392/1620
  █████████░░░░░░░░░░░░░░░░  38%  Streaming frame 395/1620
  █████████░░░░░░░░░░░░░░░░  39%  Streaming frame 398/1620
  █████████░░░░░░░░░░░░░░░░  39%  Streaming frame 402/1620
  █████████░░░░░░░░░░░░░░░░  39%  Streaming frame 405/1620
  █████████░░░░░░░░░░░░░░░░  39%  Streaming frame 409/1620
  █████████░░░░░░░░░░░░░░░░  39%  Streaming frame 412/1620
  █████████░░░░░░░░░░░░░░░░  39%  Streaming frame 415/1620
  █████████░░░░░░░░░░░░░░░░  39%  Streaming frame 419/1620
[INFO] [Render:trace] {"renderJobId":"28a32919-eefe-4907-ba33-4abc40a6c5e2","phase":"capture_streaming","status":"checkpoint","elapsedMs":34346,"message":"stage still running","stagePhase":"capturing","workerCount":1,"forceScreenshot":true,"totalFrames":1620,"framesCompleted":420,"captureMode":"screenshot","captureOperation":"captureScreenshot","heartbeatIndex":1,"stageElapsedMs":30000}
  █████████░░░░░░░░░░░░░░░░  39%  Streaming frame 422/1620
  █████████░░░░░░░░░░░░░░░░  39%  Streaming frame 425/1620
  ██████████░░░░░░░░░░░░░░░  40%  Streaming frame 428/1620
  ██████████░░░░░░░░░░░░░░░  40%  Streaming frame 431/1620
  ██████████░░░░░░░░░░░░░░░  40%  Streaming frame 434/1620
  ██████████░░░░░░░░░░░░░░░  40%  Streaming frame 438/1620
  ██████████░░░░░░░░░░░░░░░  40%  Streaming frame 441/1620
  ██████████░░░░░░░░░░░░░░░  40%  Streaming frame 445/1620
  ██████████░░░░░░░░░░░░░░░  40%  Streaming frame 448/1620
  ██████████░░░░░░░░░░░░░░░  40%  Streaming frame 451/1620
  ██████████░░░░░░░░░░░░░░░  40%  Streaming frame 454/1620
  ██████████░░░░░░░░░░░░░░░  41%  Streaming frame 457/1620
  ██████████░░░░░░░░░░░░░░░  41%  Streaming frame 461/1620
  ██████████░░░░░░░░░░░░░░░  41%  Streaming frame 464/1620
  ██████████░░░░░░░░░░░░░░░  41%  Streaming frame 467/1620
  ██████████░░░░░░░░░░░░░░░  41%  Streaming frame 470/1620
  ██████████░░░░░░░░░░░░░░░  41%  Streaming frame 473/1620
  ██████████░░░░░░░░░░░░░░░  41%  Streaming frame 476/1620
  ██████████░░░░░░░░░░░░░░░  41%  Streaming frame 479/1620
  ██████████░░░░░░░░░░░░░░░  41%  Streaming frame 483/1620
  ██████████░░░░░░░░░░░░░░░  42%  Streaming frame 487/1620
  ██████████░░░░░░░░░░░░░░░  42%  Streaming frame 490/1620
  ██████████░░░░░░░░░░░░░░░  42%  Streaming frame 493/1620
  ██████████░░░░░░░░░░░░░░░  42%  Streaming frame 496/1620
  ██████████░░░░░░░░░░░░░░░  42%  Streaming frame 499/1620
  ██████████░░░░░░░░░░░░░░░  42%  Streaming frame 502/1620
  ██████████░░░░░░░░░░░░░░░  42%  Streaming frame 505/1620
  ██████████░░░░░░░░░░░░░░░  42%  Streaming frame 509/1620
  ██████████░░░░░░░░░░░░░░░  42%  Streaming frame 512/1620
